# Nuclear Beta Decay Total Strengths (PRC 90 024308 (2014) A2)
# PynFAM code version: 2.0.0
# Run Date: 2024-01-18 21:44
# Summary Data:
#   FAM_ctr     = CIRCLE on (0.00e+00, 1.02e+01)      , temper      = 0.00000   
#   beta_type   = -         , quadratr    = GAUSS     , Half_Width  = N/A       , screening   = N/A       
#   psi_approx  = RATINT    , psi_glpts   = 15        , ratint_pts  = 20        
#   Zi          = 16        , A           = 40        , Zf          = 17        , HFB_Qval    = 7.18958   
#   FAM_Qval    = N/A       , EQRPAmax    = 10.16800  , E_1stPeak   = N/A       , |gA|/gV     = 1.27000   
#   gA          = -1.27000  , gV          = 1.00000   , M_nucleon   = 939.00000 , alpha*Z     = 0.12405   
#   Radius      = 0.01063   , alpha*Z/2R  = 5.83646   , W0_max      = 15.06966  , W0*R        = 0.17032   
#
                        B_total                Unphysical
GT-K0    1.4063379012747725e+00    3.2521491196649960e-16
GT-K1    2.8126772999991494e+00    3.9062957241705475e-16
