# Nuclear Beta Decay Total Strengths (PRC 90 024308 (2014) A2)
# PynFAM code version: 2.0.0
# Run Date: 2023-11-26 15:47
# Summary Data:
#   FAM_ctr     = CIRCLE on (0.00e+00, 1.17e+01)      , temper      = 0.00000   
#   beta_type   = -         , quadratr    = GAUSS     , Half_Width  = N/A       , screening   = N/A       
#   psi_approx  = RATINT    , psi_glpts   = 15        , ratint_pts  = 20        
#   Zi          = 28        , A           = 74        , Zf          = 29        , HFB_Qval    = 8.70762   
#   FAM_Qval    = N/A       , EQRPAmax    = 11.70425  , E_1stPeak   = N/A       , |gA|/gV     = 1.00000   
#   gA          = -1.00000  , gV          = 1.00000   , M_nucleon   = 939.00000 , alpha*Z     = 0.21162   
#   Radius      = 0.01305   , alpha*Z/2R  = 8.11038   , W0_max      = 18.04039  , W0*R        = 0.24785   
#
                         B_total                Unphysical
P-K0      4.5653568136298512e-04    3.2579004733768527e-19
P-K1      9.1306990422582342e-04   -3.3353828122269398e-17
R-K0      3.7257099103524419e-06   -4.5726957852237646e-20
R-K1      7.4514202685713430e-06   -1.5069989989797335e-19
RS1-K0    4.8710655477435538e-06   -7.8463457774636270e-20
RS1-K1    9.7421329289185093e-06   -8.1808162581494437e-21
