# Nuclear Beta Decay Integrated Phase Space
# PynFAM code version: 2.0.0
# Run Date: 2024-01-11 13:35
# Summary Data:
#   FAM_ctr     = CIRCLE on (0.00e+00, 4.79e+00)      , temper      = 0.00000   
#   beta_type   = -         , quadratr    = GAUSS     , Half_Width  = N/A       , screening   = N/A       
#   psi_approx  = RATINT    , psi_glpts   = 15        , ratint_pts  = 20        
#   Zi          = 64        , A           = 162       , Zf          = 65        , HFB_Qval    = 2.65155   
#   FAM_Qval    = N/A       , EQRPAmax    = 4.78894   , E_1stPeak   = N/A       , |gA|/gV     = 1.27000   
#   gA          = -1.27000  , gV          = 1.00000   , M_nucleon   = 939.00000 , alpha*Z     = 0.47433   
#   Radius      = 0.01694   , alpha*Z/2R  = 14.00003  , W0_max      = 6.18896   , W0*R        = 0.12105   
#
                    Re[Int_f]                 Im[Int_f]
f1     3.8435638671785455e-08    7.6871276455392490e-08
f2     1.0769264369159259e-08    2.1538522965158791e-08
f3     2.9161637549179886e-09    5.8323279539251871e-09
f4     2.4099522377696303e-10    4.8198112168051921e-10
f5     3.0985281007644971e-10    6.1969673836870243e-10
f6    -3.0969005138103967e-10   -6.1937877049444978e-10
