# Nuclear Beta Decay Integrated Phase Space
# PynFAM code version: 2.0.0
# Run Date: 2023-11-29 20:09
# Summary Data:
#   FAM_ctr     = CIRCLE on (0.00e+00, 1.17e+01)      , temper      = 0.00000   
#   beta_type   = -         , quadratr    = GAUSS     , Half_Width  = N/A       , screening   = N/A       
#   psi_approx  = RATINT    , psi_glpts   = 15        , ratint_pts  = 20        
#   Zi          = 28        , A           = 74        , Zf          = 29        , HFB_Qval    = 8.70762   
#   FAM_Qval    = N/A       , EQRPAmax    = 11.70425  , E_1stPeak   = N/A       , |gA|/gV     = 1.27000   
#   gA          = -1.27000  , gV          = 1.00000   , M_nucleon   = 939.00000 , alpha*Z     = 0.21162   
#   Radius      = 0.01305   , alpha*Z/2R  = 8.11038   , W0_max      = 18.04039  , W0*R        = 0.24785   
#
                    Re[Int_f]                 Im[Int_f]
f1    -5.8855309958971702e-08   -1.1771061858567577e-07
f2    -4.3770388424846374e-09   -8.7540819038167683e-09
f3    -3.6535718894725733e-10   -7.3071859674200823e-10
f4     2.7604585284279892e-12    5.4924953474255744e-12
f5    -1.7052992351551666e-10   -3.4107405788574852e-10
f6     9.9519503748979332e-11    1.9900525671801006e-10
