# Nuclear Beta Decay Integrated Phase Space
# PynFAM code version: 2.0.0
# Run Date: 2023-12-16 13:52
# Summary Data:
#   FAM_ctr     = CONSTL on (2.00e+00, 2.25e+01)      , temper      = 0.00000   
#   beta_type   = -         , quadratr    = TRAP      , Half_Width  = 0.50000   , screening   = N/A       
#   psi_approx  = N/A       , psi_glpts   = 15        
#   Zi          = 64        , A           = 220       , Zf          = 65        , HFB_Qval    = 26.24992  
#   FAM_Qval    = 20.71501  , EQRPAmax    = 27.57942  , E_1stPeak   = 6.86441   , |gA|/gV     = 1.27000   
#   gA          = -1.27000  , gV          = 1.00000   , M_nucleon   = 939.00000 , alpha*Z     = 0.47433   
#   Radius      = 0.01876   , alpha*Z/2R  = 12.64231  , W0_max      = 52.36981  , W0*R        = 1.00039   
#
                    Re[Int_f]                 Im[Int_f]
f1     1.5093936807974812e+07    0.0000000000000000e+00
f2     2.6974993949012107e+08    0.0000000000000000e+00
f3     5.6275064210855265e+09    0.0000000000000000e+00
f4     1.3926807587818204e+11    0.0000000000000000e+00
f5     1.6082718921962326e+11    0.0000000000000000e+00
f6     1.4202480154051746e+11    0.0000000000000000e+00
