# Nuclear Beta Decay Integrated Phase Space
# PynFAM code version: 2.0.0
# Run Date: 2023-12-04 21:33
# Summary Data:
#   FAM_ctr     = CIRCLE on (0.00e+00, 1.20e+01)      , temper      = 0.00000   
#   beta_type   = -         , quadratr    = GAUSS     , Half_Width  = N/A       , screening   = N/A       
#   psi_approx  = RATINT    , psi_glpts   = 15        , ratint_pts  = 20        
#   Zi          = 16        , A           = 41        , Zf          = 17        , HFB_Qval    = 9.16442   
#   FAM_Qval    = N/A       , EQRPAmax    = 11.95988  , E_1stPeak   = N/A       , |gA|/gV     = 1.27000   
#   gA          = -1.27000  , gV          = 1.00000   , M_nucleon   = 939.00000 , alpha*Z     = 0.12405   
#   Radius      = 0.01072   , alpha*Z/2R  = 5.78862   , W0_max      = 18.93433  , W0*R        = 0.21314   
#
                    Re[Int_f]                 Im[Int_f]
f1    -9.6936268567660022e-08   -1.9387253824554307e-07
f2    -9.2711286425739559e-09   -1.8542264834664479e-08
f3    -1.1303955549379907e-09   -2.2608066529983262e-09
f4    -9.6707086782998886e-11   -1.9342261126098492e-10
f5    -3.3681868405466275e-10   -6.7365424349929981e-10
f6     1.2241319069516976e-10    2.4480417692984702e-10
