# Nuclear Beta Decay Total Strengths (PRC 90 024308 (2014) A2)
# PynFAM code version: 2.0.0
# Run Date: 2024-01-11 13:22
# Summary Data:
#   FAM_ctr     = CIRCLE on (0.00e+00, 4.79e+00)      , temper      = 0.00000   
#   beta_type   = -         , quadratr    = GAUSS     , Half_Width  = N/A       , screening   = N/A       
#   psi_approx  = RATINT    , psi_glpts   = 15        , ratint_pts  = 20        
#   Zi          = 64        , A           = 162       , Zf          = 65        , HFB_Qval    = 2.65155   
#   FAM_Qval    = N/A       , EQRPAmax    = 4.78894   , E_1stPeak   = N/A       , |gA|/gV     = 1.27000   
#   gA          = -1.27000  , gV          = 1.00000   , M_nucleon   = 939.00000 , alpha*Z     = 0.47433   
#   Radius      = 0.01694   , alpha*Z/2R  = 14.00003  , W0_max      = 6.18896   , W0*R        = 0.12105   
#
                         B_total                Unphysical
PS0-K0    1.2725714735241261e-02   -2.6885037504088309e-17
RS0-K0    2.8793251276418557e-05   -4.4348047771111749e-20
