# Nuclear Beta Decay Total Strengths (PRC 90 024308 (2014) A2)
# PynFAM code version: 2.0.0
# Run Date: 2024-01-18 18:06
# Summary Data:
#   FAM_ctr     = CIRCLE on (0.00e+00, 1.02e+01)      , temper      = 0.00000   
#   beta_type   = -         , quadratr    = GAUSS     , Half_Width  = N/A       , screening   = N/A       
#   psi_approx  = RATINT    , psi_glpts   = 15        , ratint_pts  = 20        
#   Zi          = 16        , A           = 40        , Zf          = 17        , HFB_Qval    = 7.18958   
#   FAM_Qval    = N/A       , EQRPAmax    = 10.16800  , E_1stPeak   = N/A       , |gA|/gV     = 1.27000   
#   gA          = -1.27000  , gV          = 1.00000   , M_nucleon   = 939.00000 , alpha*Z     = 0.12405   
#   Radius      = 0.01063   , alpha*Z/2R  = 5.83646   , W0_max      = 15.06966  , W0*R        = 0.17032   
#
                         B_total                Unphysical
P-K0      1.7313655150363828e-04   -3.2331776992288678e-18
P-K1      3.4627441013571910e-04    4.6236352217060052e-18
R-K0      2.1913024422307210e-06   -1.7502934966468927e-20
R-K1      4.3826083124425661e-06   -7.5565223703403599e-20
RS1-K0    3.3732001048664771e-06   -1.1750100601315758e-20
RS1-K1    6.7464019363537622e-06   -2.3876568381343144e-21
