# Nuclear Beta Decay Integrated Phase Space
# PynFAM code version: 2.0.0
# Run Date: 2023-12-12 12:13
# Summary Data:
#   FAM_ctr     = CIRCLE on (0.00e+00, 1.05e+01)      , temper      = 0.00000   
#   beta_type   = -         , quadratr    = GAUSS     , Half_Width  = N/A       , screening   = N/A       
#   psi_approx  = RATINT    , psi_glpts   = 15        , ratint_pts  = 20        
#   Zi          = 16        , A           = 40        , Zf          = 17        , HFB_Qval    = 7.70087   
#   FAM_Qval    = N/A       , EQRPAmax    = 10.47604  , E_1stPeak   = N/A       , |gA|/gV     = 1.27000   
#   gA          = -1.27000  , gV          = 1.00000   , M_nucleon   = 939.00000 , alpha*Z     = 0.12405   
#   Radius      = 0.01063   , alpha*Z/2R  = 5.83646   , W0_max      = 16.07022  , W0*R        = 0.18096   
#
                    Re[Int_f]                 Im[Int_f]
f1    -1.0201486577710028e-07   -2.0402973310851280e-07
f2    -1.1756737250401272e-08   -2.3513480718051483e-08
f3    -1.7953670772286046e-09   -3.5907399276169372e-09
f4    -1.8460866169078827e-10   -3.6922420676432921e-10
f5    -4.3228964852204399e-10   -8.6460461012904943e-10
f6     1.6854451168057949e-10    3.3706193391935813e-10
