# Nuclear Beta Decay Integrated Phase Space
# PynFAM code version: 2.0.0
# Run Date: 2024-01-12 12:55
# Summary Data:
#   FAM_ctr     = CONSTL on (0.00e+00, 3.00e+00)      , temper      = 0.00000   
#   beta_type   = -         , quadratr    = TRAP      , Half_Width  = 0.10000   , screening   = N/A       
#   psi_approx  = N/A       , psi_glpts   = 15        
#   Zi          = 64        , A           = 162       , Zf          = 65        , HFB_Qval    = 2.65155   
#   FAM_Qval    = 1.78894   , EQRPAmax    = 4.78894   , E_1stPeak   = 3.00000   , |gA|/gV     = 1.27000   
#   gA          = -1.27000  , gV          = 1.00000   , M_nucleon   = 939.00000 , alpha*Z     = 0.47433   
#   Radius      = 0.01694   , alpha*Z/2R  = 14.00003  , W0_max      = 6.18896   , W0*R        = 0.12105   
#
                    Re[Int_f]                 Im[Int_f]
f1     6.9304828476224366e+03    0.0000000000000000e+00
f2     2.7627279709505259e+04    0.0000000000000000e+00
f3     1.1960077005339727e+05    0.0000000000000000e+00
f4     6.0419062312031642e+05    0.0000000000000000e+00
f5     6.6471571244105033e+05    0.0000000000000000e+00
f6     4.8096837756127171e+05    0.0000000000000000e+00
