# Nuclear Beta Decay Total Strengths (PRC 90 024308 (2014) A2)
# PynFAM code version: 2.0.0
# Run Date: 2024-01-12 12:55
# Summary Data:
#   FAM_ctr     = CONSTL on (0.00e+00, 3.00e+00)      , temper      = 0.00000   
#   beta_type   = -         , quadratr    = TRAP      , Half_Width  = 0.10000   , screening   = N/A       
#   psi_approx  = N/A       , psi_glpts   = 15        
#   Zi          = 64        , A           = 162       , Zf          = 65        , HFB_Qval    = 2.65155   
#   FAM_Qval    = 1.78894   , EQRPAmax    = 4.78894   , E_1stPeak   = 3.00000   , |gA|/gV     = 1.27000   
#   gA          = -1.27000  , gV          = 1.00000   , M_nucleon   = 939.00000 , alpha*Z     = 0.47433   
#   Radius      = 0.01694   , alpha*Z/2R  = 14.00003  , W0_max      = 6.18896   , W0*R        = 0.12105   
#
                        B_total                Unphysical
GT-K0    3.5911305056073928e-02    1.5845607672876187e+00
GT-K1    7.1822365196753377e-02    3.1691212532540574e+00
