# Nuclear Beta Decay Total Strengths (PRC 90 024308 (2014) A2)
# PynFAM code version: 2.0.0
# Run Date: 2023-12-16 12:32
# Summary Data:
#   FAM_ctr     = CONSTL on (1.00e+01, 2.25e+01)      , temper      = 0.00000   
#   beta_type   = -         , quadratr    = TRAP      , Half_Width  = 0.50000   , screening   = N/A       
#   psi_approx  = N/A       , psi_glpts   = 15        
#   Zi          = 16        , A           = 40        , Zf          = 17        , HFB_Qval    = 7.70087   
#   FAM_Qval    = 0.47604   , EQRPAmax    = 10.47604  , E_1stPeak   = 10.00000  , |gA|/gV     = 1.27000   
#   gA          = -1.27000  , gV          = 1.00000   , M_nucleon   = 939.00000 , alpha*Z     = 0.12405   
#   Radius      = 0.01063   , alpha*Z/2R  = 5.83646   , W0_max      = 16.07022  , W0*R        = 0.18096   
#
                         B_total                Unphysical
PS0-K0    8.9369287438647291e-02    4.5816883737980524e-01
RS0-K0    4.8984529495976210e-05    3.3060155351787593e-04
