# Nuclear Beta Decay Total Strengths (PRC 90 024308 (2014) A2)
# PynFAM code version: 2.0.0
# Run Date: 2024-03-11 14:09
# Summary Data:
#   FAM_ctr     = CIRCLE on (0.00e+00, 1.05e+01)      , temper      = 0.00000   
#   beta_type   = -         , quadratr    = GAUSS     , Half_Width  = N/A       , screening   = N/A       
#   psi_approx  = RATINT    , psi_glpts   = 15        , ratint_pts  = 20        
#   Zi          = 16        , A           = 40        , Zf          = 17        , HFB_Qval    = 7.70087   
#   FAM_Qval    = N/A       , EQRPAmax    = 10.47604  , E_1stPeak   = N/A       , |gA|/gV     = 1.27000   
#   gA          = -1.27000  , gV          = 1.00000   , M_nucleon   = 939.00000 , alpha*Z     = 0.12405   
#   Radius      = 0.01063   , alpha*Z/2R  = 5.83646   , W0_max      = 16.07022  , W0*R        = 0.18096   
#
                        B_total                Unphysical
GT-K0    1.2531954281360278e+00    1.0999273391512805e-16
