# Nuclear Beta Decay Integrated Phase Space
# PynFAM code version: 2.0.0
# Run Date: 2024-01-22 22:14
# Summary Data:
#   FAM_ctr     = CONSTL on (2.40e+00, 2.24e+01)      , temper      = 0.00000   
#   beta_type   = -         , quadratr    = TRAP      , Half_Width  = 0.20000   , screening   = N/A       
#   psi_approx  = N/A       , psi_glpts   = 15        
#   Zi          = 60        , A           = 150       , Zf          = 61        , HFB_Qval    = 2.06655   
#   FAM_Qval    = 1.65598   , EQRPAmax    = 4.05598   , E_1stPeak   = 2.40000   , |gA|/gV     = 1.27000   
#   gA          = -1.27000  , gV          = 1.00000   , M_nucleon   = 939.00000 , alpha*Z     = 0.44514   
#   Radius      = 0.01651   , alpha*Z/2R  = 13.47990  , W0_max      = 5.04414   , W0*R        = 0.09909   
#
                    Re[Int_f]                 Im[Int_f]
f1     5.6499390995297972e+01    0.0000000000000000e+00
f2     1.1243505865484175e+02    0.0000000000000000e+00
f3     2.2156618944422888e+02    0.0000000000000000e+00
f4     4.8033671613503600e+02    0.0000000000000000e+00
f5     3.7686078932333191e+02    0.0000000000000000e+00
f6     2.9760132063041601e+02    0.0000000000000000e+00
