# pnFAM code version:   2.00
# Total run time:       0.004680 mins
# All points converged: No
# Residual interaction: SKOP
# Operator:             P- with K=0
# Contour:              CONSTL on (2.00e+00, 2.25e+01)
# Temperature:          0.000000 (Prefactor=False)
#
                    Re(EQRPA)                 Im(EQRPA)              Re(Strength)              Im(Strength)                   Re(PxR)                   Im(PxR)                 Re(PxRS1)                 Im(PxRS1)                   Re(PxP)                   Im(PxP)                      Time Conv
0      2.0000000000000000e+00    5.0000000000000000e-01    1.2406017840888001e-01   -2.0031018390841249e-03    4.9169032168634365e-02    8.9030573714679716e-03    6.8803771298354327e-02   -1.6165702666752176e-03    1.2406017840888001e-01   -2.0031018390841249e-03    4.6800000000000001e-03   No
