# pnFAM code version:   2.00
# Total run time:       0.002963 mins
# All points converged: No
# Residual interaction: SKOP
# Operator:             R- with K=0
# Contour:              CONSTL on (2.00e+00, 2.25e+01)
# Temperature:          0.000000 (Prefactor=False)
#
                    Re(EQRPA)                 Im(EQRPA)              Re(Strength)              Im(Strength)                   Re(RxR)                   Im(RxR)                 Re(RxRS1)                 Im(RxRS1)                   Re(RxP)                   Im(RxP)                      Time Conv
0      2.0000000000000000e+00    5.0000000000000000e-01    7.6819071279655982e-01   -1.1912212634232185e-03    7.6819071279655982e-01   -1.1912212634232185e-03    3.5408678480871189e-02    8.8107390243719452e-03    4.8782571668165874e-02    8.7826214287334385e-03    2.9629999999999999e-03   No
