# pnFAM code version:   2.00
# Total run time:       0.003424 mins
# All points converged: No
# Residual interaction: SKOP
# Operator:             R- with K=1
# Contour:              CONSTL on (2.00e+00, 2.25e+01)
# Temperature:          0.000000 (Prefactor=False)
#
                    Re(EQRPA)                 Im(EQRPA)              Re(Strength)              Im(Strength)                   Re(RxR)                   Im(RxR)                 Re(RxRS1)                 Im(RxRS1)                   Re(RxP)                   Im(RxP)                      Time Conv
0      2.0000000000000000e+00    5.0000000000000000e-01    7.6819051289157247e-01   -1.1912203942724200e-03    7.6819051289157247e-01   -1.1912203942724200e-03    3.5408593307804034e-02    8.8107402700173202e-03    4.8782543094270624e-02    8.7826195098908051e-03    3.4240000000000000e-03   No
