# pnFAM code version:   2.00
# Total run time:       0.002656 mins
# All points converged: No
# Residual interaction: SKOP
# Operator:             RS1- with K=0
# Contour:              CONSTL on (2.00e+00, 2.25e+01)
# Temperature:          0.000000 (Prefactor=False)
#
                    Re(EQRPA)                 Im(EQRPA)              Re(Strength)              Im(Strength)                 Re(RS1xR)                 Im(RS1xR)               Re(RS1xRS1)               Im(RS1xRS1)                 Re(RS1xP)                 Im(RS1xP)                      Time Conv
0      2.0000000000000000e+00    5.0000000000000000e-01    2.7332972122150148e+00   -4.8927404752802236e-03    3.6505811433129733e-02    8.3376774948740340e-03    2.7332972122150148e+00   -4.8927404752802236e-03    6.7230226052493694e-02   -1.5760615610312864e-03    2.6559999999999999e-03   No
